(Allegro netlister by M. Ettus)
$PACKAGES
RCY100.fp! POLARIZED_CAPACITOR! 470uF; C1
RCY100.fp! CAPACITOR! 100nF; C2
RCY100.fp! POLARIZED_CAPACITOR! 470uF; C3
RCY100.fp! CAPACITOR! 100nF; C4
! CONNECTOR_2! CONNECTOR_2; CONN_INPUT
! CONNECTOR_2! CONNECTOR_2; CONN_LOG_OUT
! CONNECTOR_2! CONNECTOR_2; CONN_MOT_OUT
ACY500.fp! COIL! 10u; L1
! JUMPER! JUMPER; J?
$NETS
+12V; C1.1,
 C2.1,
 CONN_INPUT.1,
 CONN_MOT_OUT.2,
 L1.1
GND; C3.2,
 C4.2,
 CONN_LOG_OUT.1,
 J?.1
unnamed_net1; C1.2,
 C2.2,
 CONN_INPUT.2,
 CONN_MOT_OUT.1,
 J?.2
unnamed_net2; C3.1,
 C4.1,
 CONN_LOG_OUT.2,
 L1.2
$END
(Device File generated by Lepton EDA netlister Allegro backend)
PACKAGE RCY100.fp
CLASS #f
PINCOUNT #f
END
(Device File generated by Lepton EDA netlister Allegro backend)
PACKAGE RCY100.fp
CLASS #f
PINCOUNT #f
END
(Device File generated by Lepton EDA netlister Allegro backend)
PACKAGE #f
CLASS IO
PINCOUNT 2
END
(Device File generated by Lepton EDA netlister Allegro backend)
PACKAGE ACY500.fp
CLASS #f
PINCOUNT #f
END
(Device File generated by Lepton EDA netlister Allegro backend)
PACKAGE #f
CLASS #f
PINCOUNT #f
END
